// Jest Snapshot v1, https://goo.gl/fbAQLP

exports[`should redner ExpenseListItem with expenses 1`] = `
<div>
  <h3>
    <Link
      replace={false}
      to="/edit/undefined"
    >
      Description: 
    </Link>
  </h3>
  <p>
    amount: 
  </p>
  <p>
    createdAt: 
  </p>
</div>
`;
